../Core/Src/main.c:73:6:init_vehicle_state	16	static
../Core/Src/main.c:92:6:calculate_state	8	static
../Core/Src/main.c:116:6:update_io	48	static
../Core/Src/main.c:152:6:HAL_GPIO_EXTI_Callback	16	static
../Core/Src/main.c:158:6:HAL_TIM_PeriodElapsedCallback	16	static
../Core/Src/main.c:177:5:main	8	static
../Core/Src/main.c:262:6:SystemClock_Config	88	static
../Core/Src/main.c:317:13:MX_ADC1_Init	24	static
../Core/Src/main.c:377:13:MX_CAN1_Init	8	static
../Core/Src/main.c:414:13:MX_TIM2_Init	40	static
../Core/Src/main.c:457:13:MX_DMA_Init	16	static
../Core/Src/main.c:475:13:MX_GPIO_Init	56	static
../Core/Src/main.c:542:6:MPU_Config	24	static
../Core/Src/main.c:573:6:Error_Handler	4	static,ignoring_inline_asm
